// Jest Snapshot v1, https://goo.gl/fbAQLP

exports[`Licensing-service-account should match with snapshot 1`] = `
[
  {
    "apiVersion": "v1",
    "imagePullSecrets": [
      {
        "name": "ImagePullSecret",
      },
    ],
    "kind": "ServiceAccount",
    "metadata": {
      "name": "service-account",
      "namespace": "dummy-namespace",
    },
  },
  {
    "apiVersion": "rbac.authorization.k8s.io/v1",
    "kind": "Role",
    "metadata": {
      "name": "service-account",
      "namespace": "dummy-namespace",
    },
    "rules": [
      {
        "apiGroups": [
          "",
        ],
        "resources": [
          "pods",
        ],
        "verbs": [
          "get",
          "list",
          "watch",
        ],
      },
    ],
  },
  {
    "apiVersion": "rbac.authorization.k8s.io/v1",
    "kind": "RoleBinding",
    "metadata": {
      "name": "service-account",
      "namespace": "dummy-namespace",
    },
    "roleRef": {
      "apiGroup": "rbac.authorization.k8s.io",
      "kind": "Role",
      "name": "service-account",
    },
    "subjects": [
      {
        "kind": "ServiceAccount",
        "name": "service-account",
      },
    ],
  },
]
`;
