// Jest Snapshot v1, https://goo.gl/fbAQLP

exports[`licensing-local-chart should match with snapshot 1`] = `
[
  {
    "apiVersion": "apps/v1",
    "kind": "Deployment",
    "metadata": {
      "name": "licensing-api",
      "namespace": "dummy-namespace",
    },
    "spec": {
      "replicas": 1,
      "selector": {
        "matchLabels": {
          "app": "licensing-api",
        },
      },
      "strategy": {
        "rollingUpdate": {
          "maxSurge": 1,
          "maxUnavailable": 0,
        },
      },
      "template": {
        "metadata": {
          "labels": {
            "app": "licensing-api",
          },
        },
        "spec": {
          "containers": [
            {
              "envFrom": [
                {
                  "configMapRef": {
                    "name": "licensing-configmap",
                  },
                },
                {
                  "secretRef": {
                    "name": "licensing",
                  },
                },
              ],
              "image": "licensing",
              "imagePullPolicy": "IfNotPresent",
              "livenessProbe": {
                "httpGet": {
                  "path": "/livez",
                  "port": 8000,
                },
                "initialDelaySeconds": 10,
                "timeoutSeconds": 3,
              },
              "name": "licensing-api",
              "ports": [
                {
                  "containerPort": 8000,
                },
              ],
              "readinessProbe": {
                "httpGet": {
                  "path": "/status",
                  "port": 8000,
                },
                "initialDelaySeconds": 10,
                "timeoutSeconds": 3,
              },
            },
          ],
          "initContainers": [],
          "serviceAccountName": "dummy-service-account",
        },
      },
    },
  },
  {
    "apiVersion": "v1",
    "kind": "Service",
    "metadata": {
      "name": "licensing-api",
      "namespace": "dummy-namespace",
    },
    "spec": {
      "ports": [
        {
          "port": 80,
          "targetPort": 8000,
        },
      ],
      "selector": {
        "app": "licensing-api",
      },
      "type": "ClusterIP",
    },
  },
]
`;
